[birthday.mewtru.com/P1bKPZ.html]
[birthday.mewtru.com/_next/static/media/41e7ce1ad66c1045-s.p.woff2]
[birthday.mewtru.com/_next/static/media/86667d917ceb322f-s.p.woff2]
[birthday.mewtru.com/_next/static/media/c9a5bc6a7c948fb0-s.p.woff2]
[birthday.mewtru.com/_next/static/css/84d742d533d25ca5.css]
[birthday.mewtru.com/_next/static/chunks/webpack-5a945143ea9c401a.js]
[birthday.mewtru.com/_next/static/chunks/main-app-8c0524bc90ad5196.js]
[birthday.mewtru.com/_next/static/chunks/938-0546ffa42667d2c5.js]
[birthday.mewtru.com/_next/static/chunks/fd9d1056-d402c3289b63a580.js]
[birthday.mewtru.com/_next/static/chunks/app/layout-1a20746b90e5fb17.js]
[birthday.mewtru.com/_next/static/chunks/23-bebb5d51b11df2d7.js]
[birthday.mewtru.com/_next/static/chunks/683-4a214a7b31e4bde6.js]
[birthday.mewtru.com/_next/static/chunks/app/[slug]/page-102b0144b32c6354.js]
[backblue.gif]
[fade.gif]
[index.html]
[birthday.mewtru.com/favicon.ico]
[birthday.mewtru.com/P1bKPZ.html]
[birthday.mewtru.com/_next/static/chunks/polyfills-c67a75d1b6f99dc8.js]
[birthday.mewtru.com/01.jpg]
[birthday.mewtru.com/_next/static/media/ec159349637c90ad-s.woff2]
[birthday.mewtru.com/_next/static/media/513657b02c5c193f-s.woff2]
[birthday.mewtru.com/_next/static/media/fd4db3eb5472fc27-s.woff2]
[birthday.mewtru.com/_next/static/media/51ed15f9841b9f9d-s.woff2]
[birthday.mewtru.com/_next/static/media/05a31a2ca4975f99-s.woff2]
[birthday.mewtru.com/_next/static/media/d6b16ce4a6175f26-s.woff2]
[birthday.mewtru.com/_next/static/media/8be698a80cb51f2b-s.woff2]
[birthday.mewtru.com/_next/static/css/84d742d533d25ca5.css]
